[2025-12-04 17:49:50] Usuário: admin - Login realizado com sucesso
[2025-12-04 17:51:12] Usuário: admin - Login realizado com sucesso
[2025-12-04 17:52:16] Usuário: admin - Tarefa criada: teste01
[2025-12-04 17:52:29] Usuário: admin - Tarefa atualizada: ID 2
[2025-12-04 17:52:36] Usuário: admin - Tarefa atualizada: ID 2
[2025-12-04 17:53:26] Usuário: admin - Tarefa excluída: ID 2
[2025-12-04 18:05:08] Usuário: admin - Login realizado com sucesso
[2025-12-04 18:05:44] Usuário: admin - Tarefa criada: teste01
[2025-12-04 18:05:52] Usuário: admin - Tarefa atualizada: ID 2
[2025-12-04 18:05:58] Usuário: admin - Tarefa excluída: ID 2
[2025-12-04 18:06:49] Usuário: admin - Tarefa criada: wsdad
[2025-12-04 18:07:14] Usuário: admin - Todas as tarefas salvas
[2025-12-04 18:07:16] Usuário: admin - Todas as tarefas salvas
[2025-12-04 18:08:25] Usuário: admin - Tarefa excluída: ID 3
[2025-12-04 19:42:33] Usuário: admin - Login realizado com sucesso
[2025-12-04 19:51:08] Usuário: admin - Login realizado com sucesso
[2025-12-04 19:53:36] Usuário: admin - Login realizado com sucesso
[2025-12-04 19:58:22] Usuário: admin - Login realizado com sucesso
[2025-12-04 20:01:56] Usuário: admin - Login realizado com sucesso
[2025-12-04 20:02:40] Usuário: admin - Login realizado com sucesso
[2025-12-04 20:03:12] Usuário: admin - Login realizado com sucesso
[2025-12-04 20:04:02] Usuário: admin - Login realizado com sucesso
[2025-12-04 20:07:09] Usuário: admin - Login realizado com sucesso
[2025-12-04 20:08:28] Usuário: admin - Login realizado com sucesso
[2025-12-04 20:18:50] Usuário: admin - Login realizado com sucesso
[2025-12-04 20:19:21] Usuário: admin - Tarefa criada: wdqw
[2025-12-04 20:19:32] Usuário: admin - Tarefa atualizada: ID 2
[2025-12-04 20:19:38] Usuário: admin - Tarefa atualizada: ID 2
[2025-12-04 20:19:43] Usuário: admin - Tarefa excluída: ID 2
[2025-12-04 20:19:49] Usuário: admin - Todas as tarefas salvas
[2025-12-04 20:20:13] Usuário: admin - Login realizado com sucesso
